=== Ultra-Secure Firewall Verification ===

Verifying Ultra-Secure Firewall functionality...
Firewall initialized successfully
Configuration: MaxConnectionsPerIP=10, MaxPacketsPerSecond=100
All firewall components initialized successfully
Firewall is ready for DDoS protection

Verifying Blockchain Integration...
Ethereum client initialized
Solana client initialized
Blockchain integration framework ready

=== Verification Summary ===
L3/L4 Protection: SYN flood detection implemented
L3/L4 Protection: UDP flood detection implemented
Rate Limiting: Token bucket algorithm implemented
Blockchain Integration: Framework ready for Hyperledger/Quorum
Auto-Mitigation: IP blocking mechanism implemented
Multi-layer Architecture: 9-layer protection implemented

All critical DDoS protection components are functional!

Next Steps:
1. Deploy with real blockchain network (Hyperledger/Quorum)
2. Perform comprehensive load testing
3. Integrate with cloud infrastructure (AWS/Azure/GCP)
4. Set up monitoring and alerting (Prometheus/Grafana)

DDoS Protection System is ready for production deployment!
2025-08-31 01:28:50,006 - Verifying Ultra-Secure Firewall functionality...
2025-08-31 01:28:50,006 - Firewall initialized successfully
2025-08-31 01:28:50,006 - All firewall components initialized successfully
2025-08-31 01:28:50,006 - Firewall is ready for DDoS protection
2025-08-31 01:28:50,006 - L3/L4 Protection: SYN flood detection implemented
2025-08-31 01:28:50,006 - L3/L4 Protection: UDP flood detection implemented
2025-08-31 01:28:50,007 - Rate Limiting: Token bucket algorithm implemented
2025-08-31 01:28:50,007 - Auto-Mitigation: IP blocking mechanism implemented
2025-08-31 01:28:50,007 - Multi-layer Architecture: 9-layer protection implemented
2025-08-31 01:28:50,007 - Verifying Blockchain Integration...
2025-08-31 01:28:50,007 - Ethereum client initialized
2025-08-31 01:28:50,007 - Solana client initialized
2025-08-31 01:28:50,007 - Blockchain integration framework ready
2025-08-31 01:28:50,007 - Blockchain Integration: Framework ready for Hyperledger/Quorum
2025-08-31 01:28:50,007 - Self-healing mechanisms initialized
2025-08-31 01:28:50,007 - All critical DDoS protection components are functional!
2025-08-31 01:28:50,007 - DDoS Protection System is ready for production deployment!
2025-08-31 01:33:45,514 - Verifying Ultra-Secure Firewall functionality...
2025-08-31 01:33:45,515 - Firewall initialized successfully
2025-08-31 01:33:45,515 - All firewall components initialized successfully
2025-08-31 01:33:45,515 - Firewall is ready for DDoS protection
2025-08-31 01:33:45,516 - Monitoring error: Sniffing and sending packets is not available at layer 2: winpcap is not installed. You may use conf.L3socket or conf.L3socket6 to access layer 3
2025-08-31 01:33:45,516 - L3/L4 Protection: SYN flood detection implemented
2025-08-31 01:33:45,516 - L3/L4 Protection: UDP flood detection implemented
2025-08-31 01:33:45,516 - Rate Limiting: Token bucket algorithm implemented
2025-08-31 01:33:45,517 - Auto-Mitigation: IP blocking mechanism implemented
2025-08-31 01:33:45,517 - Multi-layer Architecture: 9-layer protection implemented
2025-08-31 01:33:45,517 - Verifying Blockchain Integration...
2025-08-31 01:33:46,709 - Ethereum client not connected
2025-08-31 01:33:47,078 - Solana client initialized
2025-08-31 01:33:47,078 - Blockchain integration framework ready
2025-08-31 01:33:47,078 - Blockchain Integration: Framework ready for Hyperledger/Quorum
2025-08-31 01:33:47,078 - Self-healing mechanisms initialized
2025-08-31 01:33:47,079 - All critical DDoS protection components are functional!
2025-08-31 01:33:47,079 - DDoS Protection System is ready for production deployment!
2025-08-31 01:34:52,422 - Verifying Ultra-Secure Firewall functionality...
2025-08-31 01:34:52,423 - Firewall initialized successfully
2025-08-31 01:34:52,423 - All firewall components initialized successfully
2025-08-31 01:34:52,423 - Firewall is ready for DDoS protection
2025-08-31 01:34:52,424 - Monitoring error: Sniffing and sending packets is not available at layer 2: winpcap is not installed. You may use conf.L3socket or conf.L3socket6 to access layer 3
2025-08-31 01:34:52,424 - L3/L4 Protection: SYN flood detection implemented
2025-08-31 01:34:52,424 - L3/L4 Protection: UDP flood detection implemented
2025-08-31 01:34:52,424 - Rate Limiting: Token bucket algorithm implemented
2025-08-31 01:34:52,424 - Auto-Mitigation: IP blocking mechanism implemented
2025-08-31 01:34:52,425 - Multi-layer Architecture: 9-layer protection implemented
2025-08-31 01:34:52,425 - Verifying Blockchain Integration...
2025-08-31 01:34:53,619 - Ethereum client not connected
2025-08-31 01:34:53,976 - Solana client initialized
2025-08-31 01:34:53,976 - Blockchain integration framework ready
2025-08-31 01:34:53,976 - Blockchain Integration: Framework ready for Hyperledger/Quorum
2025-08-31 01:34:53,977 - Self-healing mechanisms initialized
2025-08-31 01:34:53,978 - All critical DDoS protection components are functional!
2025-08-31 01:34:53,978 - DDoS Protection System is ready for production deployment!
2025-08-31 01:35:28,818 - Verifying Ultra-Secure Firewall functionality...
2025-08-31 01:35:28,818 - Firewall initialized successfully
2025-08-31 01:35:28,818 - All firewall components initialized successfully
2025-08-31 01:35:28,818 - Firewall is ready for DDoS protection
2025-08-31 01:35:28,819 - Monitoring error: Sniffing and sending packets is not available at layer 2: winpcap is not installed. You may use conf.L3socket or conf.L3socket6 to access layer 3
2025-08-31 01:35:28,819 - L3/L4 Protection: SYN flood detection implemented
2025-08-31 01:35:28,819 - L3/L4 Protection: UDP flood detection implemented
2025-08-31 01:35:28,820 - Rate Limiting: Token bucket algorithm implemented
2025-08-31 01:35:28,820 - Auto-Mitigation: IP blocking mechanism implemented
2025-08-31 01:35:28,820 - Multi-layer Architecture: 9-layer protection implemented
2025-08-31 01:35:28,820 - Verifying Blockchain Integration...
2025-08-31 01:35:29,994 - Ethereum client not connected
2025-08-31 01:35:30,399 - Solana client initialized
2025-08-31 01:35:30,399 - Blockchain integration framework ready
2025-08-31 01:35:30,400 - Blockchain Integration: Framework ready for Hyperledger/Quorum
2025-08-31 01:35:30,400 - Self-healing mechanisms initialized
2025-08-31 01:35:30,401 - All critical DDoS protection components are functional!
2025-08-31 01:35:30,401 - DDoS Protection System is ready for production deployment!
2025-08-31 01:35:55,667 - Verifying Ultra-Secure Firewall functionality...
2025-08-31 01:35:55,667 - Firewall initialized successfully
2025-08-31 01:35:55,667 - All firewall components initialized successfully
2025-08-31 01:35:55,668 - Firewall is ready for DDoS protection
2025-08-31 01:35:55,668 - Monitoring error: Sniffing and sending packets is not available at layer 2: winpcap is not installed. You may use conf.L3socket or conf.L3socket6 to access layer 3
2025-08-31 01:35:55,668 - L3/L4 Protection: SYN flood detection implemented
2025-08-31 01:35:55,668 - L3/L4 Protection: UDP flood detection implemented
2025-08-31 01:35:55,668 - Rate Limiting: Token bucket algorithm implemented
2025-08-31 01:35:55,668 - Auto-Mitigation: IP blocking mechanism implemented
2025-08-31 01:35:55,668 - Multi-layer Architecture: 9-layer protection implemented
2025-08-31 01:35:55,668 - Verifying Blockchain Integration...
2025-08-31 01:35:57,143 - Ethereum client not connected
2025-08-31 01:35:57,538 - Solana client initialized
2025-08-31 01:35:57,538 - Blockchain integration framework ready
2025-08-31 01:35:57,539 - Blockchain Integration: Framework ready for Hyperledger/Quorum
2025-08-31 01:35:57,539 - Self-healing mechanisms initialized
2025-08-31 01:35:57,540 - All critical DDoS protection components are functional!
2025-08-31 01:35:57,540 - DDoS Protection System is ready for production deployment!
2025-08-31 01:36:07,855 - Verifying Ultra-Secure Firewall functionality...
2025-08-31 01:36:07,855 - Firewall initialized successfully
2025-08-31 01:36:07,855 - All firewall components initialized successfully
2025-08-31 01:36:07,855 - Firewall is ready for DDoS protection
2025-08-31 01:36:07,856 - Monitoring error: Sniffing and sending packets is not available at layer 2: winpcap is not installed. You may use conf.L3socket or conf.L3socket6 to access layer 3
2025-08-31 01:36:07,856 - L3/L4 Protection: SYN flood detection implemented
2025-08-31 01:36:07,857 - L3/L4 Protection: UDP flood detection implemented
2025-08-31 01:36:07,857 - Rate Limiting: Token bucket algorithm implemented
2025-08-31 01:36:07,857 - Auto-Mitigation: IP blocking mechanism implemented
2025-08-31 01:36:07,857 - Multi-layer Architecture: 9-layer protection implemented
2025-08-31 01:36:07,857 - Verifying Blockchain Integration...
2025-08-31 01:36:09,140 - Ethereum client not connected
2025-08-31 01:36:09,535 - Solana client initialized
2025-08-31 01:36:09,536 - Blockchain integration framework ready
2025-08-31 01:36:09,536 - Blockchain Integration: Framework ready for Hyperledger/Quorum
2025-08-31 01:36:09,536 - Self-healing mechanisms initialized
2025-08-31 01:36:09,537 - All critical DDoS protection components are functional!
2025-08-31 01:36:09,538 - DDoS Protection System is ready for production deployment!
2025-08-31 01:49:48,358 - Verifying Ultra-Secure Firewall functionality...
2025-08-31 01:49:48,359 - Firewall initialized successfully
2025-08-31 01:49:48,359 - All firewall components initialized successfully
2025-08-31 01:49:48,359 - Firewall is ready for DDoS protection
2025-08-31 01:49:48,360 - Monitoring error: Sniffing and sending packets is not available at layer 2: winpcap is not installed. You may use conf.L3socket or conf.L3socket6 to access layer 3
2025-08-31 01:49:48,360 - L3/L4 Protection: SYN flood detection implemented
2025-08-31 01:49:48,360 - L3/L4 Protection: UDP flood detection implemented
2025-08-31 01:49:48,361 - Rate Limiting: Token bucket algorithm implemented
2025-08-31 01:49:48,361 - Auto-Mitigation: IP blocking mechanism implemented
2025-08-31 01:49:48,361 - Multi-layer Architecture: 9-layer protection implemented
2025-08-31 01:49:48,361 - Verifying Blockchain Integration...
2025-08-31 01:49:49,720 - Ethereum client not connected
2025-08-31 01:49:50,073 - Solana client initialized
2025-08-31 01:49:50,073 - Blockchain integration framework ready
2025-08-31 01:49:50,073 - Blockchain Integration: Framework ready for Hyperledger/Quorum
2025-08-31 01:49:50,073 - Self-healing mechanisms initialized
2025-08-31 01:49:50,075 - All critical DDoS protection components are functional!
2025-08-31 01:49:50,075 - DDoS Protection System is ready for production deployment!
2025-08-31 01:58:08,543 - Verifying Ultra-Secure Firewall functionality...
2025-08-31 01:58:08,544 - Firewall initialized successfully
2025-08-31 01:58:08,544 - All firewall components initialized successfully
2025-08-31 01:58:08,544 - Firewall is ready for DDoS protection
2025-08-31 01:58:08,545 - Monitoring error: Sniffing and sending packets is not available at layer 2: winpcap is not installed. You may use conf.L3socket or conf.L3socket6 to access layer 3
2025-08-31 01:58:08,545 - L3/L4 Protection: SYN flood detection implemented
2025-08-31 01:58:08,545 - L3/L4 Protection: UDP flood detection implemented
2025-08-31 01:58:08,545 - Rate Limiting: Token bucket algorithm implemented
2025-08-31 01:58:08,545 - Auto-Mitigation: IP blocking mechanism implemented
2025-08-31 01:58:08,546 - Multi-layer Architecture: 9-layer protection implemented
2025-08-31 01:58:08,546 - Verifying Blockchain Integration...
2025-08-31 01:58:09,880 - Ethereum client not connected
2025-08-31 01:58:10,249 - Solana client initialized
2025-08-31 01:58:10,249 - Blockchain integration framework ready
2025-08-31 01:58:10,249 - Blockchain Integration: Framework ready for Hyperledger/Quorum
2025-08-31 01:58:10,250 - Self-healing mechanisms initialized
2025-08-31 01:58:10,498 - AWS Shield and WAF clients initialized
2025-08-31 01:58:10,498 - All critical DDoS protection components are functional!
2025-08-31 01:58:10,498 - DDoS Protection System is ready for production deployment!
